Archive member included to satisfy reference by file (symbol)

/Applications/STM32CubeIDE.app/Contents/Eclipse/plugins/com.st.stm32cube.ide.mcu.externaltools.gnu-tools-for-stm32.7-2018-q2-update.macos64_1.4.0.202007081208/tools/bin/../lib/gcc/arm-none-eabi/7.3.1/../../../../arm-none-eabi/lib/thumb/v7-m/libstdc++_nano.a(del_ops.o)
                              Core/Src/Delay.o (operator delete(void*, unsigned int))
/Applications/STM32CubeIDE.app/Contents/Eclipse/plugins/com.st.stm32cube.ide.mcu.externaltools.gnu-tools-for-stm32.7-2018-q2-update.macos64_1.4.0.202007081208/tools/bin/../lib/gcc/arm-none-eabi/7.3.1/../../../../arm-none-eabi/lib/thumb/v7-m/libstdc++_nano.a(del_op.o)
                              /Applications/STM32CubeIDE.app/Contents/Eclipse/plugins/com.st.stm32cube.ide.mcu.externaltools.gnu-tools-for-stm32.7-2018-q2-update.macos64_1.4.0.202007081208/tools/bin/../lib/gcc/arm-none-eabi/7.3.1/../../../../arm-none-eabi/lib/thumb/v7-m/libstdc++_nano.a(del_ops.o) (operator delete(void*))
/Applications/STM32CubeIDE.app/Contents/Eclipse/plugins/com.st.stm32cube.ide.mcu.externaltools.gnu-tools-for-stm32.7-2018-q2-update.macos64_1.4.0.202007081208/tools/bin/../lib/gcc/arm-none-eabi/7.3.1/../../../../arm-none-eabi/lib/thumb/v7-m/libc_nano.a(lib_a-errno.o)
                              Core/Src/syscalls.o (__errno)
/Applications/STM32CubeIDE.app/Contents/Eclipse/plugins/com.st.stm32cube.ide.mcu.externaltools.gnu-tools-for-stm32.7-2018-q2-update.macos64_1.4.0.202007081208/tools/bin/../lib/gcc/arm-none-eabi/7.3.1/../../../../arm-none-eabi/lib/thumb/v7-m/libc_nano.a(lib_a-exit.o)
                              /Applications/STM32CubeIDE.app/Contents/Eclipse/plugins/com.st.stm32cube.ide.mcu.externaltools.gnu-tools-for-stm32.7-2018-q2-update.macos64_1.4.0.202007081208/tools/bin/../lib/gcc/arm-none-eabi/7.3.1/../../../../arm-none-eabi/lib/thumb/v7-m/crt0.o (exit)
/Applications/STM32CubeIDE.app/Contents/Eclipse/plugins/com.st.stm32cube.ide.mcu.externaltools.gnu-tools-for-stm32.7-2018-q2-update.macos64_1.4.0.202007081208/tools/bin/../lib/gcc/arm-none-eabi/7.3.1/../../../../arm-none-eabi/lib/thumb/v7-m/libc_nano.a(lib_a-impure.o)
                              /Applications/STM32CubeIDE.app/Contents/Eclipse/plugins/com.st.stm32cube.ide.mcu.externaltools.gnu-tools-for-stm32.7-2018-q2-update.macos64_1.4.0.202007081208/tools/bin/../lib/gcc/arm-none-eabi/7.3.1/../../../../arm-none-eabi/lib/thumb/v7-m/libc_nano.a(lib_a-exit.o) (_global_impure_ptr)
/Applications/STM32CubeIDE.app/Contents/Eclipse/plugins/com.st.stm32cube.ide.mcu.externaltools.gnu-tools-for-stm32.7-2018-q2-update.macos64_1.4.0.202007081208/tools/bin/../lib/gcc/arm-none-eabi/7.3.1/../../../../arm-none-eabi/lib/thumb/v7-m/libc_nano.a(lib_a-init.o)
                              /Applications/STM32CubeIDE.app/Contents/Eclipse/plugins/com.st.stm32cube.ide.mcu.externaltools.gnu-tools-for-stm32.7-2018-q2-update.macos64_1.4.0.202007081208/tools/bin/../lib/gcc/arm-none-eabi/7.3.1/../../../../arm-none-eabi/lib/thumb/v7-m/crt0.o (__libc_init_array)
/Applications/STM32CubeIDE.app/Contents/Eclipse/plugins/com.st.stm32cube.ide.mcu.externaltools.gnu-tools-for-stm32.7-2018-q2-update.macos64_1.4.0.202007081208/tools/bin/../lib/gcc/arm-none-eabi/7.3.1/../../../../arm-none-eabi/lib/thumb/v7-m/libc_nano.a(lib_a-malloc.o)
                              /Applications/STM32CubeIDE.app/Contents/Eclipse/plugins/com.st.stm32cube.ide.mcu.externaltools.gnu-tools-for-stm32.7-2018-q2-update.macos64_1.4.0.202007081208/tools/bin/../lib/gcc/arm-none-eabi/7.3.1/../../../../arm-none-eabi/lib/thumb/v7-m/libstdc++_nano.a(del_op.o) (free)
/Applications/STM32CubeIDE.app/Contents/Eclipse/plugins/com.st.stm32cube.ide.mcu.externaltools.gnu-tools-for-stm32.7-2018-q2-update.macos64_1.4.0.202007081208/tools/bin/../lib/gcc/arm-none-eabi/7.3.1/../../../../arm-none-eabi/lib/thumb/v7-m/libc_nano.a(lib_a-memset.o)
                              /Applications/STM32CubeIDE.app/Contents/Eclipse/plugins/com.st.stm32cube.ide.mcu.externaltools.gnu-tools-for-stm32.7-2018-q2-update.macos64_1.4.0.202007081208/tools/bin/../lib/gcc/arm-none-eabi/7.3.1/../../../../arm-none-eabi/lib/thumb/v7-m/crt0.o (memset)
/Applications/STM32CubeIDE.app/Contents/Eclipse/plugins/com.st.stm32cube.ide.mcu.externaltools.gnu-tools-for-stm32.7-2018-q2-update.macos64_1.4.0.202007081208/tools/bin/../lib/gcc/arm-none-eabi/7.3.1/../../../../arm-none-eabi/lib/thumb/v7-m/libc_nano.a(lib_a-nano-freer.o)
                              /Applications/STM32CubeIDE.app/Contents/Eclipse/plugins/com.st.stm32cube.ide.mcu.externaltools.gnu-tools-for-stm32.7-2018-q2-update.macos64_1.4.0.202007081208/tools/bin/../lib/gcc/arm-none-eabi/7.3.1/../../../../arm-none-eabi/lib/thumb/v7-m/libc_nano.a(lib_a-malloc.o) (_free_r)
[...]
Memory Configuration

Name             Origin             Length             Attributes
RAM              0x0000000020000000 0x0000000000005000 xrw
FLASH            0x0000000008000000 0x0000000000010000 xr
*default*        0x0000000000000000 0xffffffffffffffff

Linker script and memory map

LOAD /Applications/STM32CubeIDE.app/Contents/Eclipse/plugins/com.st.stm32cube.ide.mcu.externaltools.gnu-tools-for-stm32.7-2018-q2-update.macos64_1.4.0.202007081208/tools/bin/../lib/gcc/arm-none-eabi/7.3.1/thumb/v7-m/crti.o
LOAD /Applications/STM32CubeIDE.app/Contents/Eclipse/plugins/com.st.stm32cube.ide.mcu.externaltools.gnu-tools-for-stm32.7-2018-q2-update.macos64_1.4.0.202007081208/tools/bin/../lib/gcc/arm-none-eabi/7.3.1/thumb/v7-m/crtbegin.o
LOAD /Applications/STM32CubeIDE.app/Contents/Eclipse/plugins/com.st.stm32cube.ide.mcu.externaltools.gnu-tools-for-stm32.7-2018-q2-update.macos64_1.4.0.202007081208/tools/bin/../lib/gcc/arm-none-eabi/7.3.1/../../../../arm-none-eabi/lib/thumb/v7-m/crt0.o
LOAD Core/Src/Delay.o
LOAD Core/Src/main.o
LOAD Core/Src/stm32f1xx_hal_msp.o
LOAD Core/Src/stm32f1xx_it.o
LOAD Core/Src/syscalls.o
LOAD Core/Src/sysmem.o
LOAD Core/Src/system_stm32f1xx.o
LOAD Core/Startup/startup_stm32f103c8tx.o
LOAD Drivers/STM32F1xx_HAL_Driver/Src/stm32f1xx_hal.o
LOAD Drivers/STM32F1xx_HAL_Driver/Src/stm32f1xx_hal_cortex.o
LOAD Drivers/STM32F1xx_HAL_Driver/Src/stm32f1xx_hal_dma.o
LOAD Drivers/STM32F1xx_HAL_Driver/Src/stm32f1xx_hal_exti.o
LOAD Drivers/STM32F1xx_HAL_Driver/Src/stm32f1xx_hal_flash.o
LOAD Drivers/STM32F1xx_HAL_Driver/Src/stm32f1xx_hal_flash_ex.o
LOAD Drivers/STM32F1xx_HAL_Driver/Src/stm32f1xx_hal_gpio.o
LOAD Drivers/STM32F1xx_HAL_Driver/Src/stm32f1xx_hal_gpio_ex.o
LOAD Drivers/STM32F1xx_HAL_Driver/Src/stm32f1xx_hal_pwr.o
LOAD Drivers/STM32F1xx_HAL_Driver/Src/stm32f1xx_hal_rcc.o
LOAD Drivers/STM32F1xx_HAL_Driver/Src/stm32f1xx_hal_rcc_ex.o
LOAD Drivers/STM32F1xx_HAL_Driver/Src/stm32f1xx_hal_tim.o
LOAD Drivers/STM32F1xx_HAL_Driver/Src/stm32f1xx_hal_tim_ex.o
START GROUP
LOAD /Applications/STM32CubeIDE.app/Contents/Eclipse/plugins/com.st.stm32cube.ide.mcu.externaltools.gnu-tools-for-stm32.7-2018-q2-update.macos64_1.4.0.202007081208/tools/bin/../lib/gcc/arm-none-eabi/7.3.1/../../../../arm-none-eabi/lib/thumb/v7-m/libstdc++_nano.a
LOAD /Applications/STM32CubeIDE.app/Contents/Eclipse/plugins/com.st.stm32cube.ide.mcu.externaltools.gnu-tools-for-stm32.7-2018-q2-update.macos64_1.4.0.202007081208/tools/bin/../lib/gcc/arm-none-eabi/7.3.1/../../../../arm-none-eabi/lib/thumb/v7-m/libsupc++_nano.a
END GROUP
LOAD /Applications/STM32CubeIDE.app/Contents/Eclipse/plugins/com.st.stm32cube.ide.mcu.externaltools.gnu-tools-for-stm32.7-2018-q2-update.macos64_1.4.0.202007081208/tools/bin/../lib/gcc/arm-none-eabi/7.3.1/../../../../arm-none-eabi/lib/thumb/v7-m/libstdc++_nano.a
LOAD /Applications/STM32CubeIDE.app/Contents/Eclipse/plugins/com.st.stm32cube.ide.mcu.externaltools.gnu-tools-for-stm32.7-2018-q2-update.macos64_1.4.0.202007081208/tools/bin/../lib/gcc/arm-none-eabi/7.3.1/../../../../arm-none-eabi/lib/thumb/v7-m/libm.a
LOAD /Applications/STM32CubeIDE.app/Contents/Eclipse/plugins/com.st.stm32cube.ide.mcu.externaltools.gnu-tools-for-stm32.7-2018-q2-update.macos64_1.4.0.202007081208/tools/bin/../lib/gcc/arm-none-eabi/7.3.1/../../../../arm-none-eabi/lib/thumb/v7-m/libc_nano.a
START GROUP
LOAD /Applications/STM32CubeIDE.app/Contents/Eclipse/plugins/com.st.stm32cube.ide.mcu.externaltools.gnu-tools-for-stm32.7-2018-q2-update.macos64_1.4.0.202007081208/tools/bin/../lib/gcc/arm-none-eabi/7.3.1/thumb/v7-m/libgcc.a
LOAD /Applications/STM32CubeIDE.app/Contents/Eclipse/plugins/com.st.stm32cube.ide.mcu.externaltools.gnu-tools-for-stm32.7-2018-q2-update.macos64_1.4.0.202007081208/tools/bin/../lib/gcc/arm-none-eabi/7.3.1/../../../../arm-none-eabi/lib/thumb/v7-m/libc_nano.a
END GROUP
START GROUP
LOAD /Applications/STM32CubeIDE.app/Contents/Eclipse/plugins/com.st.stm32cube.ide.mcu.externaltools.gnu-tools-for-stm32.7-2018-q2-update.macos64_1.4.0.202007081208/tools/bin/../lib/gcc/arm-none-eabi/7.3.1/thumb/v7-m/libgcc.a
LOAD /Applications/STM32CubeIDE.app/Contents/Eclipse/plugins/com.st.stm32cube.ide.mcu.externaltools.gnu-tools-for-stm32.7-2018-q2-update.macos64_1.4.0.202007081208/tools/bin/../lib/gcc/arm-none-eabi/7.3.1/../../../../arm-none-eabi/lib/thumb/v7-m/libc_nano.a
LOAD /Applications/STM32CubeIDE.app/Contents/Eclipse/plugins/com.st.stm32cube.ide.mcu.externaltools.gnu-tools-for-stm32.7-2018-q2-update.macos64_1.4.0.202007081208/tools/bin/../lib/gcc/arm-none-eabi/7.3.1/../../../../arm-none-eabi/lib/thumb/v7-m/libnosys.a
END GROUP
START GROUP
LOAD /Applications/STM32CubeIDE.app/Contents/Eclipse/plugins/com.st.stm32cube.ide.mcu.externaltools.gnu-tools-for-stm32.7-2018-q2-update.macos64_1.4.0.202007081208/tools/bin/../lib/gcc/arm-none-eabi/7.3.1/thumb/v7-m/libgcc.a
LOAD /Applications/STM32CubeIDE.app/Contents/Eclipse/plugins/com.st.stm32cube.ide.mcu.externaltools.gnu-tools-for-stm32.7-2018-q2-update.macos64_1.4.0.202007081208/tools/bin/../lib/gcc/arm-none-eabi/7.3.1/../../../../arm-none-eabi/lib/thumb/v7-m/libc_nano.a
LOAD /Applications/STM32CubeIDE.app/Contents/Eclipse/plugins/com.st.stm32cube.ide.mcu.externaltools.gnu-tools-for-stm32.7-2018-q2-update.macos64_1.4.0.202007081208/tools/bin/../lib/gcc/arm-none-eabi/7.3.1/../../../../arm-none-eabi/lib/thumb/v7-m/libnosys.a
END GROUP
LOAD /Applications/STM32CubeIDE.app/Contents/Eclipse/plugins/com.st.stm32cube.ide.mcu.externaltools.gnu-tools-for-stm32.7-2018-q2-update.macos64_1.4.0.202007081208/tools/bin/../lib/gcc/arm-none-eabi/7.3.1/thumb/v7-m/crtend.o
LOAD /Applications/STM32CubeIDE.app/Contents/Eclipse/plugins/com.st.stm32cube.ide.mcu.externaltools.gnu-tools-for-stm32.7-2018-q2-update.macos64_1.4.0.202007081208/tools/bin/../lib/gcc/arm-none-eabi/7.3.1/thumb/v7-m/crtn.o
                0x0000000020005000                _estack = (ORIGIN (RAM) + LENGTH (RAM))
                0x0000000000000200                _Min_Heap_Size = 0x200
                0x0000000000000400                _Min_Stack_Size = 0x400

.isr_vector     0x0000000008000000      0x10c
                0x0000000008000000                . = ALIGN (0x4)
 *(.isr_vector)
 .isr_vector    0x0000000008000000      0x10c Core/Startup/startup_stm32f103c8tx.o
                0x0000000008000000                g_pfnVectors
                0x000000000800010c                . = ALIGN (0x4)

.text           0x000000000800010c     0x1a18
                0x000000000800010c                . = ALIGN (0x4)
 *(.text)
 .text          0x000000000800010c       0x40 /Applications/STM32CubeIDE.app/Contents/Eclipse/plugins/com.st.stm32cube.ide.mcu.externaltools.gnu-tools-for-stm32.7-2018-q2-update.macos64_1.4.0.202007081208/tools/bin/../lib/gcc/arm-none-eabi/7.3.1/thumb/v7-m/crtbegin.o
 *(.text*)
 .text._ZN5DelayC2EP11TIM_TypeDef
                0x000000000800014c       0x28 Core/Src/Delay.o
                0x000000000800014c                Delay::Delay(TIM_TypeDef*)
                0x000000000800014c                Delay::Delay(TIM_TypeDef*)
 .text._ZN5Delay5startEv
                0x0000000008000174       0x52 Core/Src/Delay.o
                0x0000000008000174                Delay::start()
 *fill*         0x00000000080001c6        0x2 
 .text._ZN5Delay12clock_enableEv
                0x00000000080001c8       0x88 Core/Src/Delay.o
                0x00000000080001c8                Delay::clock_enable()
 .text._ZN5Delay6microsEt
                0x0000000008000250       0x4c Core/Src/Delay.o
                0x0000000008000250                Delay::micros(unsigned short)
 .text._ZN5Delay14calc_prescalerEv
                0x000000000800029c       0x5c Core/Src/Delay.o
                0x000000000800029c                Delay::calc_prescaler()
 .text._ZN5DelayD2Ev
                0x00000000080002f8       0x20 Core/Src/Delay.o
                0x00000000080002f8                Delay::~Delay()
                0x00000000080002f8                Delay::~Delay()
 .text._ZN5DelayD0Ev
                0x0000000008000318       0x20 Core/Src/Delay.o
                0x0000000008000318                Delay::~Delay()
 .text.main     0x0000000008000338       0x38 Core/Src/main.o
                0x0000000008000338                main
 .text._Z18SystemClock_Configv
                0x0000000008000370       0x92 Core/Src/main.o
                0x0000000008000370                SystemClock_Config()
 *fill*         0x0000000008000402        0x2 
 .text._ZL12MX_TIM2_Initv
                0x0000000008000404       0xb8 Core/Src/main.o
 .text._ZL12MX_GPIO_Initv
                0x00000000080004bc       0x98 Core/Src/main.o
 .text.Error_Handler
                0x0000000008000554        0xc Core/Src/main.o
                0x0000000008000554                Error_Handler
 .text._Z41__static_initialization_and_destruction_0ii
                0x0000000008000560       0x48 Core/Src/main.o
 .text._GLOBAL__sub_I_htim2
                0x00000000080005a8       0x10 Core/Src/main.o
 .text._GLOBAL__sub_D_htim2
                0x00000000080005b8       0x10 Core/Src/main.o
 .text.HAL_MspInit
                0x00000000080005c8       0x64 Core/Src/stm32f1xx_hal_msp.o
                0x00000000080005c8                HAL_MspInit
 .text.HAL_TIM_Base_MspInit
                0x000000000800062c       0x38 Core/Src/stm32f1xx_hal_msp.o
                0x000000000800062c                HAL_TIM_Base_MspInit
 .text.NMI_Handler
                0x0000000008000664        0xc Core/Src/stm32f1xx_it.o
                0x0000000008000664                NMI_Handler
 .text.HardFault_Handler
                0x0000000008000670        0x6 Core/Src/stm32f1xx_it.o
                0x0000000008000670                HardFault_Handler
 .text.MemManage_Handler
                0x0000000008000676        0x6 Core/Src/stm32f1xx_it.o
                0x0000000008000676                MemManage_Handler
 .text.BusFault_Handler
                0x000000000800067c        0x6 Core/Src/stm32f1xx_it.o
                0x000000000800067c                BusFault_Handler
 .text.UsageFault_Handler
                0x0000000008000682        0x6 Core/Src/stm32f1xx_it.o
                0x0000000008000682                UsageFault_Handler
 .text.SVC_Handler
                0x0000000008000688        0xc Core/Src/stm32f1xx_it.o
                0x0000000008000688                SVC_Handler
 .text.DebugMon_Handler
                0x0000000008000694        0xc Core/Src/stm32f1xx_it.o
                0x0000000008000694                DebugMon_Handler
 .text.PendSV_Handler
                0x00000000080006a0        0xc Core/Src/stm32f1xx_it.o
                0x00000000080006a0                PendSV_Handler
 .text.SysTick_Handler
                0x00000000080006ac        0xc Core/Src/stm32f1xx_it.o
                0x00000000080006ac                SysTick_Handler
 .text.SystemInit
                0x00000000080006b8       0x68 Core/Src/system_stm32f1xx.o
                0x00000000080006b8                SystemInit
 .text.Reset_Handler
                0x0000000008000720       0x48 Core/Startup/startup_stm32f103c8tx.o
                0x0000000008000720                Reset_Handler
 .text.Default_Handler
                0x0000000008000768        0x2 Core/Startup/startup_stm32f103c8tx.o
                0x0000000008000768                USBWakeUp_IRQHandler
                0x0000000008000768                EXTI2_IRQHandler
                0x0000000008000768                TIM1_CC_IRQHandler
                0x0000000008000768                PVD_IRQHandler
                0x0000000008000768                EXTI3_IRQHandler
                0x0000000008000768                EXTI0_IRQHandler
                0x0000000008000768                I2C2_EV_IRQHandler
                0x0000000008000768                ADC1_2_IRQHandler
                0x0000000008000768                SPI1_IRQHandler
                0x0000000008000768                TAMPER_IRQHandler
                0x0000000008000768                DMA1_Channel4_IRQHandler
                0x0000000008000768                USART3_IRQHandler
                0x0000000008000768                RTC_IRQHandler
                0x0000000008000768                DMA1_Channel7_IRQHandler
                0x0000000008000768                CAN1_RX1_IRQHandler
                0x0000000008000768                TIM4_IRQHandler
                0x0000000008000768                I2C1_EV_IRQHandler
                0x0000000008000768                DMA1_Channel6_IRQHandler
                0x0000000008000768                TIM3_IRQHandler
                0x0000000008000768                RCC_IRQHandler
                0x0000000008000768                TIM1_TRG_COM_IRQHandler
                0x0000000008000768                DMA1_Channel1_IRQHandler
                0x0000000008000768                Default_Handler
                0x0000000008000768                EXTI15_10_IRQHandler
                0x0000000008000768                EXTI9_5_IRQHandler
                0x0000000008000768                SPI2_IRQHandler
                0x0000000008000768                DMA1_Channel5_IRQHandler
                0x0000000008000768                EXTI4_IRQHandler
                0x0000000008000768                USB_LP_CAN1_RX0_IRQHandler
                0x0000000008000768                USB_HP_CAN1_TX_IRQHandler
                0x0000000008000768                DMA1_Channel3_IRQHandler
                0x0000000008000768                TIM1_UP_IRQHandler
                0x0000000008000768                WWDG_IRQHandler
                0x0000000008000768                TIM2_IRQHandler
                0x0000000008000768                TIM1_BRK_IRQHandler
                0x0000000008000768                EXTI1_IRQHandler
                0x0000000008000768                USART2_IRQHandler
                0x0000000008000768                I2C2_ER_IRQHandler
                0x0000000008000768                DMA1_Channel2_IRQHandler
                0x0000000008000768                CAN1_SCE_IRQHandler
                0x0000000008000768                FLASH_IRQHandler
                0x0000000008000768                USART1_IRQHandler
                0x0000000008000768                I2C1_ER_IRQHandler
                0x0000000008000768                RTC_Alarm_IRQHandler
 *fill*         0x000000000800076a        0x2 
 .text.HAL_Init
                0x000000000800076c       0x2c Drivers/STM32F1xx_HAL_Driver/Src/stm32f1xx_hal.o
                0x000000000800076c                HAL_Init
 .text.HAL_InitTick
                0x0000000008000798       0x60 Drivers/STM32F1xx_HAL_Driver/Src/stm32f1xx_hal.o
                0x0000000008000798                HAL_InitTick
 .text.HAL_IncTick
                0x00000000080007f8       0x24 Drivers/STM32F1xx_HAL_Driver/Src/stm32f1xx_hal.o
                0x00000000080007f8                HAL_IncTick
 .text.HAL_GetTick
                0x000000000800081c       0x14 Drivers/STM32F1xx_HAL_Driver/Src/stm32f1xx_hal.o
                0x000000000800081c                HAL_GetTick
 .text.__NVIC_SetPriorityGrouping
                0x0000000008000830       0x48 Drivers/STM32F1xx_HAL_Driver/Src/stm32f1xx_hal_cortex.o
 .text.__NVIC_GetPriorityGrouping
                0x0000000008000878       0x1c Drivers/STM32F1xx_HAL_Driver/Src/stm32f1xx_hal_cortex.o
 .text.__NVIC_SetPriority
                0x0000000008000894       0x54 Drivers/STM32F1xx_HAL_Driver/Src/stm32f1xx_hal_cortex.o
 .text.NVIC_EncodePriority
                0x00000000080008e8       0x64 Drivers/STM32F1xx_HAL_Driver/Src/stm32f1xx_hal_cortex.o
 .text.SysTick_Config
                0x000000000800094c       0x44 Drivers/STM32F1xx_HAL_Driver/Src/stm32f1xx_hal_cortex.o
 .text.HAL_NVIC_SetPriorityGrouping
                0x0000000008000990       0x16 Drivers/STM32F1xx_HAL_Driver/Src/stm32f1xx_hal_cortex.o
                0x0000000008000990                HAL_NVIC_SetPriorityGrouping
 .text.HAL_NVIC_SetPriority
                0x00000000080009a6       0x38 Drivers/STM32F1xx_HAL_Driver/Src/stm32f1xx_hal_cortex.o
                0x00000000080009a6                HAL_NVIC_SetPriority
 .text.HAL_SYSTICK_Config
                0x00000000080009de       0x18 Drivers/STM32F1xx_HAL_Driver/Src/stm32f1xx_hal_cortex.o
                0x00000000080009de                HAL_SYSTICK_Config
 *fill*         0x00000000080009f6        0x2 
 .text.HAL_GPIO_Init
                0x00000000080009f8      0x2b4 Drivers/STM32F1xx_HAL_Driver/Src/stm32f1xx_hal_gpio.o
                0x00000000080009f8                HAL_GPIO_Init
 .text.HAL_GPIO_WritePin
                0x0000000008000cac       0x30 Drivers/STM32F1xx_HAL_Driver/Src/stm32f1xx_hal_gpio.o
                0x0000000008000cac                HAL_GPIO_WritePin
 .text.HAL_GPIO_TogglePin
                0x0000000008000cdc       0x30 Drivers/STM32F1xx_HAL_Driver/Src/stm32f1xx_hal_gpio.o
                0x0000000008000cdc                HAL_GPIO_TogglePin
 .text.HAL_RCC_OscConfig
                0x0000000008000d0c      0x500 Drivers/STM32F1xx_HAL_Driver/Src/stm32f1xx_hal_rcc.o
                0x0000000008000d0c                HAL_RCC_OscConfig
 .text.HAL_RCC_ClockConfig
                0x000000000800120c      0x1d4 Drivers/STM32F1xx_HAL_Driver/Src/stm32f1xx_hal_rcc.o
                0x000000000800120c                HAL_RCC_ClockConfig
 .text.HAL_RCC_GetSysClockFreq
                0x00000000080013e0       0xc4 Drivers/STM32F1xx_HAL_Driver/Src/stm32f1xx_hal_rcc.o
                0x00000000080013e0                HAL_RCC_GetSysClockFreq
 .text.HAL_RCC_GetHCLKFreq
                0x00000000080014a4       0x14 Drivers/STM32F1xx_HAL_Driver/Src/stm32f1xx_hal_rcc.o
                0x00000000080014a4                HAL_RCC_GetHCLKFreq
 .text.HAL_RCC_GetPCLK1Freq
                0x00000000080014b8       0x28 Drivers/STM32F1xx_HAL_Driver/Src/stm32f1xx_hal_rcc.o
                0x00000000080014b8                HAL_RCC_GetPCLK1Freq
 .text.HAL_RCC_GetClockConfig
                0x00000000080014e0       0x60 Drivers/STM32F1xx_HAL_Driver/Src/stm32f1xx_hal_rcc.o
                0x00000000080014e0                HAL_RCC_GetClockConfig
 .text.RCC_Delay
                0x0000000008001540       0x3c Drivers/STM32F1xx_HAL_Driver/Src/stm32f1xx_hal_rcc.o
 .text.HAL_TIM_Base_Init
                0x000000000800157c       0x56 Drivers/STM32F1xx_HAL_Driver/Src/stm32f1xx_hal_tim.o
                0x000000000800157c                HAL_TIM_Base_Init
 .text.HAL_TIM_Base_Start
                0x00000000080015d2       0x46 Drivers/STM32F1xx_HAL_Driver/Src/stm32f1xx_hal_tim.o
                0x00000000080015d2                HAL_TIM_Base_Start
 .text.HAL_TIM_ConfigClockSource
                0x0000000008001618      0x16e Drivers/STM32F1xx_HAL_Driver/Src/stm32f1xx_hal_tim.o
                0x0000000008001618                HAL_TIM_ConfigClockSource
 *fill*         0x0000000008001786        0x2 
 .text.TIM_Base_SetConfig
                0x0000000008001788       0xc4 Drivers/STM32F1xx_HAL_Driver/Src/stm32f1xx_hal_tim.o
                0x0000000008001788                TIM_Base_SetConfig
 .text.TIM_TI1_ConfigInputStage
                0x000000000800184c       0x5c Drivers/STM32F1xx_HAL_Driver/Src/stm32f1xx_hal_tim.o
 .text.TIM_TI2_ConfigInputStage
                0x00000000080018a8       0x5e Drivers/STM32F1xx_HAL_Driver/Src/stm32f1xx_hal_tim.o
 .text.TIM_ITRx_SetConfig
                0x0000000008001906       0x34 Drivers/STM32F1xx_HAL_Driver/Src/stm32f1xx_hal_tim.o
 .text.TIM_ETR_SetConfig
                0x000000000800193a       0x3e Drivers/STM32F1xx_HAL_Driver/Src/stm32f1xx_hal_tim.o
                0x000000000800193a                TIM_ETR_SetConfig
 .text.HAL_TIMEx_MasterConfigSynchronization
                0x0000000008001978       0x88 Drivers/STM32F1xx_HAL_Driver/Src/stm32f1xx_hal_tim_ex.o
                0x0000000008001978                HAL_TIMEx_MasterConfigSynchronization
 .text._ZdlPvj  0x0000000008001a00        0x4 /Applications/STM32CubeIDE.app/Contents/Eclipse/plugins/com.st.stm32cube.ide.mcu.externaltools.gnu-tools-for-stm32.7-2018-q2-update.macos64_1.4.0.202007081208/tools/bin/../lib/gcc/arm-none-eabi/7.3.1/../../../../arm-none-eabi/lib/thumb/v7-m/libstdc++_nano.a(del_ops.o)
                0x0000000008001a00                operator delete(void*, unsigned int)
 .text._ZdlPv   0x0000000008001a04        0x4 /Applications/STM32CubeIDE.app/Contents/Eclipse/plugins/com.st.stm32cube.ide.mcu.externaltools.gnu-tools-for-stm32.7-2018-q2-update.macos64_1.4.0.202007081208/tools/bin/../lib/gcc/arm-none-eabi/7.3.1/../../../../arm-none-eabi/lib/thumb/v7-m/libstdc++_nano.a(del_op.o)
                0x0000000008001a04                operator delete(void*)
 .text.__libc_init_array
                0x0000000008001a08       0x48 /Applications/STM32CubeIDE.app/Contents/Eclipse/plugins/com.st.stm32cube.ide.mcu.externaltools.gnu-tools-for-stm32.7-2018-q2-update.macos64_1.4.0.202007081208/tools/bin/../lib/gcc/arm-none-eabi/7.3.1/../../../../arm-none-eabi/lib/thumb/v7-m/libc_nano.a(lib_a-init.o)
                0x0000000008001a08                __libc_init_array
 .text.free     0x0000000008001a50       0x10 /Applications/STM32CubeIDE.app/Contents/Eclipse/plugins/com.st.stm32cube.ide.mcu.externaltools.gnu-tools-for-stm32.7-2018-q2-update.macos64_1.4.0.202007081208/tools/bin/../lib/gcc/arm-none-eabi/7.3.1/../../../../arm-none-eabi/lib/thumb/v7-m/libc_nano.a(lib_a-malloc.o)
                0x0000000008001a50                free
 .text.memset   0x0000000008001a60       0x10 /Applications/STM32CubeIDE.app/Contents/Eclipse/plugins/com.st.stm32cube.ide.mcu.externaltools.gnu-tools-for-stm32.7-2018-q2-update.macos64_1.4.0.202007081208/tools/bin/../lib/gcc/arm-none-eabi/7.3.1/../../../../arm-none-eabi/lib/thumb/v7-m/libc_nano.a(lib_a-memset.o)
                0x0000000008001a60                memset
 .text._free_r  0x0000000008001a70       0x98 /Applications/STM32CubeIDE.app/Contents/Eclipse/plugins/com.st.stm32cube.ide.mcu.externaltools.gnu-tools-for-stm32.7-2018-q2-update.macos64_1.4.0.202007081208/tools/bin/../lib/gcc/arm-none-eabi/7.3.1/../../../../arm-none-eabi/lib/thumb/v7-m/libc_nano.a(lib_a-nano-freer.o)
                0x0000000008001a70                _free_r
 .text.__malloc_lock
                0x0000000008001b08        0x2 /Applications/STM32CubeIDE.app/Contents/Eclipse/plugins/com.st.stm32cube.ide.mcu.externaltools.gnu-tools-for-stm32.7-2018-q2-update.macos64_1.4.0.202007081208/tools/bin/../lib/gcc/arm-none-eabi/7.3.1/../../../../arm-none-eabi/lib/thumb/v7-m/libc_nano.a(lib_a-mlock.o)
                0x0000000008001b08                __malloc_lock
 .text.__malloc_unlock
                0x0000000008001b0a        0x2 /Applications/STM32CubeIDE.app/Contents/Eclipse/plugins/com.st.stm32cube.ide.mcu.externaltools.gnu-tools-for-stm32.7-2018-q2-update.macos64_1.4.0.202007081208/tools/bin/../lib/gcc/arm-none-eabi/7.3.1/../../../../arm-none-eabi/lib/thumb/v7-m/libc_nano.a(lib_a-mlock.o)
                0x0000000008001b0a                __malloc_unlock
 *(.glue_7)
 .glue_7        0x0000000008001b0c        0x0 linker stubs
 *(.glue_7t)
 .glue_7t       0x0000000008001b0c        0x0 linker stubs
 *(.eh_frame)
 .eh_frame      0x0000000008001b0c        0x0 /Applications/STM32CubeIDE.app/Contents/Eclipse/plugins/com.st.stm32cube.ide.mcu.externaltools.gnu-tools-for-stm32.7-2018-q2-update.macos64_1.4.0.202007081208/tools/bin/../lib/gcc/arm-none-eabi/7.3.1/thumb/v7-m/crtbegin.o
 *(.init)
 .init          0x0000000008001b0c        0x4 /Applications/STM32CubeIDE.app/Contents/Eclipse/plugins/com.st.stm32cube.ide.mcu.externaltools.gnu-tools-for-stm32.7-2018-q2-update.macos64_1.4.0.202007081208/tools/bin/../lib/gcc/arm-none-eabi/7.3.1/thumb/v7-m/crti.o
                0x0000000008001b0c                _init
 .init          0x0000000008001b10        0x8 /Applications/STM32CubeIDE.app/Contents/Eclipse/plugins/com.st.stm32cube.ide.mcu.externaltools.gnu-tools-for-stm32.7-2018-q2-update.macos64_1.4.0.202007081208/tools/bin/../lib/gcc/arm-none-eabi/7.3.1/thumb/v7-m/crtn.o
 *(.fini)
 .fini          0x0000000008001b18        0x4 /Applications/STM32CubeIDE.app/Contents/Eclipse/plugins/com.st.stm32cube.ide.mcu.externaltools.gnu-tools-for-stm32.7-2018-q2-update.macos64_1.4.0.202007081208/tools/bin/../lib/gcc/arm-none-eabi/7.3.1/thumb/v7-m/crti.o
                0x0000000008001b18                _fini
 .fini          0x0000000008001b1c        0x8 /Applications/STM32CubeIDE.app/Contents/Eclipse/plugins/com.st.stm32cube.ide.mcu.externaltools.gnu-tools-for-stm32.7-2018-q2-update.macos64_1.4.0.202007081208/tools/bin/../lib/gcc/arm-none-eabi/7.3.1/thumb/v7-m/crtn.o
                0x0000000008001b24                . = ALIGN (0x4)
                0x0000000008001b24                _etext = .

.vfp11_veneer   0x0000000008001b24        0x0
 .vfp11_veneer  0x0000000008001b24        0x0 linker stubs

.v4_bx          0x0000000008001b24        0x0
 .v4_bx         0x0000000008001b24        0x0 linker stubs

.iplt           0x0000000008001b24        0x0
 .iplt          0x0000000008001b24        0x0 /Applications/STM32CubeIDE.app/Contents/Eclipse/plugins/com.st.stm32cube.ide.mcu.externaltools.gnu-tools-for-stm32.7-2018-q2-update.macos64_1.4.0.202007081208/tools/bin/../lib/gcc/arm-none-eabi/7.3.1/thumb/v7-m/crtbegin.o

.rodata         0x0000000008001b24       0x3c
                0x0000000008001b24                . = ALIGN (0x4)
 *(.rodata)
 .rodata        0x0000000008001b24       0x12 Drivers/STM32F1xx_HAL_Driver/Src/stm32f1xx_hal_rcc.o
 *(.rodata*)
 *fill*         0x0000000008001b36        0x2 
 .rodata._ZTV5Delay
                0x0000000008001b38       0x10 Core/Src/Delay.o
                0x0000000008001b38                vtable for Delay
 .rodata.AHBPrescTable
                0x0000000008001b48       0x10 Core/Src/system_stm32f1xx.o
                0x0000000008001b48                AHBPrescTable
 .rodata.APBPrescTable
                0x0000000008001b58        0x8 Core/Src/system_stm32f1xx.o
                0x0000000008001b58                APBPrescTable
                0x0000000008001b60                . = ALIGN (0x4)

.rel.dyn        0x0000000008001b60        0x0
 .rel.iplt      0x0000000008001b60        0x0 /Applications/STM32CubeIDE.app/Contents/Eclipse/plugins/com.st.stm32cube.ide.mcu.externaltools.gnu-tools-for-stm32.7-2018-q2-update.macos64_1.4.0.202007081208/tools/bin/../lib/gcc/arm-none-eabi/7.3.1/thumb/v7-m/crtbegin.o

.ARM.extab      0x0000000008001b60        0x0
                0x0000000008001b60                . = ALIGN (0x4)
 *(.ARM.extab* .gnu.linkonce.armextab.*)
                0x0000000008001b60                . = ALIGN (0x4)

.ARM            0x0000000008001b60        0x0
                0x0000000008001b60                . = ALIGN (0x4)
                0x0000000008001b60                __exidx_start = .
 *(.ARM.exidx*)
                0x0000000008001b60                __exidx_end = .
                0x0000000008001b60                . = ALIGN (0x4)

.preinit_array  0x0000000008001b60        0x0
                0x0000000008001b60                . = ALIGN (0x4)
                0x0000000008001b60                PROVIDE (__preinit_array_start = .)
 *(.preinit_array*)
                0x0000000008001b60                PROVIDE (__preinit_array_end = .)
                0x0000000008001b60                . = ALIGN (0x4)

.init_array     0x0000000008001b60        0x8
                0x0000000008001b60                . = ALIGN (0x4)
                0x0000000008001b60                PROVIDE (__init_array_start = .)
 *(SORT_BY_NAME(.init_array.*))
 *(.init_array*)
 .init_array    0x0000000008001b60        0x4 /Applications/STM32CubeIDE.app/Contents/Eclipse/plugins/com.st.stm32cube.ide.mcu.externaltools.gnu-tools-for-stm32.7-2018-q2-update.macos64_1.4.0.202007081208/tools/bin/../lib/gcc/arm-none-eabi/7.3.1/thumb/v7-m/crtbegin.o
 .init_array    0x0000000008001b64        0x4 Core/Src/main.o
                0x0000000008001b68                PROVIDE (__init_array_end = .)
                0x0000000008001b68                . = ALIGN (0x4)

.fini_array     0x0000000008001b68        0x8
                0x0000000008001b68                . = ALIGN (0x4)
                [!provide]                        PROVIDE (__fini_array_start = .)
 *(SORT_BY_NAME(.fini_array.*))
 *(.fini_array*)
 .fini_array    0x0000000008001b68        0x4 /Applications/STM32CubeIDE.app/Contents/Eclipse/plugins/com.st.stm32cube.ide.mcu.externaltools.gnu-tools-for-stm32.7-2018-q2-update.macos64_1.4.0.202007081208/tools/bin/../lib/gcc/arm-none-eabi/7.3.1/thumb/v7-m/crtbegin.o
 .fini_array    0x0000000008001b6c        0x4 Core/Src/main.o
                [!provide]                        PROVIDE (__fini_array_end = .)
                0x0000000008001b70                . = ALIGN (0x4)
                0x0000000008001b70                _sidata = LOADADDR (.data)

.data           0x0000000020000000       0x70 load address 0x0000000008001b70
                0x0000000020000000                . = ALIGN (0x4)
                0x0000000020000000                _sdata = .
 *(.data)
 *(.data*)
 .data.SystemCoreClock
                0x0000000020000000        0x4 Core/Src/system_stm32f1xx.o
                0x0000000020000000                SystemCoreClock
 .data.uwTickPrio
                0x0000000020000004        0x4 Drivers/STM32F1xx_HAL_Driver/Src/stm32f1xx_hal.o
                0x0000000020000004                uwTickPrio
 .data.uwTickFreq
                0x0000000020000008        0x1 Drivers/STM32F1xx_HAL_Driver/Src/stm32f1xx_hal.o
                0x0000000020000008                uwTickFreq
 *fill*         0x0000000020000009        0x3 
 .data._impure_ptr
                0x000000002000000c        0x4 /Applications/STM32CubeIDE.app/Contents/Eclipse/plugins/com.st.stm32cube.ide.mcu.externaltools.gnu-tools-for-stm32.7-2018-q2-update.macos64_1.4.0.202007081208/tools/bin/../lib/gcc/arm-none-eabi/7.3.1/../../../../arm-none-eabi/lib/thumb/v7-m/libc_nano.a(lib_a-impure.o)
                0x000000002000000c                _impure_ptr
 .data.impure_data
                0x0000000020000010       0x60 /Applications/STM32CubeIDE.app/Contents/Eclipse/plugins/com.st.stm32cube.ide.mcu.externaltools.gnu-tools-for-stm32.7-2018-q2-update.macos64_1.4.0.202007081208/tools/bin/../lib/gcc/arm-none-eabi/7.3.1/../../../../arm-none-eabi/lib/thumb/v7-m/libc_nano.a(lib_a-impure.o)
                0x0000000020000070                . = ALIGN (0x4)
                0x0000000020000070                _edata = .

.igot.plt       0x0000000020000070        0x0 load address 0x0000000008001be0
 .igot.plt      0x0000000020000070        0x0 /Applications/STM32CubeIDE.app/Contents/Eclipse/plugins/com.st.stm32cube.ide.mcu.externaltools.gnu-tools-for-stm32.7-2018-q2-update.macos64_1.4.0.202007081208/tools/bin/../lib/gcc/arm-none-eabi/7.3.1/thumb/v7-m/crtbegin.o
                0x0000000020000070                . = ALIGN (0x4)

.bss            0x0000000020000070       0xc8 load address 0x0000000008001be0
                0x0000000020000070                _sbss = .
                0x0000000020000070                __bss_start__ = _sbss
 *(.bss)
 .bss           0x0000000020000070       0x1c /Applications/STM32CubeIDE.app/Contents/Eclipse/plugins/com.st.stm32cube.ide.mcu.externaltools.gnu-tools-for-stm32.7-2018-q2-update.macos64_1.4.0.202007081208/tools/bin/../lib/gcc/arm-none-eabi/7.3.1/thumb/v7-m/crtbegin.o
 *(.bss*)
 .bss.htim2     0x000000002000008c       0x40 Core/Src/main.o
                0x000000002000008c                htim2
 .bss.delay     0x00000000200000cc       0x64 Core/Src/main.o
                0x00000000200000cc                delay
 .bss.__malloc_free_list
                0x0000000020000130        0x4 /Applications/STM32CubeIDE.app/Contents/Eclipse/plugins/com.st.stm32cube.ide.mcu.externaltools.gnu-tools-for-stm32.7-2018-q2-update.macos64_1.4.0.202007081208/tools/bin/../lib/gcc/arm-none-eabi/7.3.1/../../../../arm-none-eabi/lib/thumb/v7-m/libc_nano.a(lib_a-nano-mallocr.o)
                0x0000000020000130                __malloc_free_list
 *(COMMON)
 COMMON         0x0000000020000134        0x4 Drivers/STM32F1xx_HAL_Driver/Src/stm32f1xx_hal.o
                0x0000000020000134                uwTick
                0x0000000020000138                . = ALIGN (0x4)
                0x0000000020000138                _ebss = .
                0x0000000020000138                __bss_end__ = _ebss

._user_heap_stack
                0x0000000020000138      0x600 load address 0x0000000008001be0
                0x0000000020000138                . = ALIGN (0x8)
                [!provide]                        PROVIDE (end = .)
                0x0000000020000138                PROVIDE (_end = .)
                0x0000000020000338                . = (. + _Min_Heap_Size)
 *fill*         0x0000000020000138      0x200 
                0x0000000020000738                . = (. + _Min_Stack_Size)
 *fill*         0x0000000020000338      0x400 
                0x0000000020000738                . = ALIGN (0x8)

/DISCARD/
 libc.a(*)
 libm.a(*)
 libgcc.a(*)

.ARM.attributes
                0x0000000000000000       0x29
 *(.ARM.attributes)
 .ARM.attributes
                0x0000000000000000       0x1d /Applications/STM32CubeIDE.app/Contents/Eclipse/plugins/com.st.stm32cube.ide.mcu.externaltools.gnu-tools-for-stm32.7-2018-q2-update.macos64_1.4.0.202007081208/tools/bin/../lib/gcc/arm-none-eabi/7.3.1/thumb/v7-m/crti.o
 .ARM.attributes
                0x000000000000001d       0x2d /Applications/STM32CubeIDE.app/Contents/Eclipse/plugins/com.st.stm32cube.ide.mcu.externaltools.gnu-tools-for-stm32.7-2018-q2-update.macos64_1.4.0.202007081208/tools/bin/../lib/gcc/arm-none-eabi/7.3.1/thumb/v7-m/crtbegin.o
 .ARM.attributes
                0x000000000000004a       0x33 Core/Src/Delay.o
 .ARM.attributes
                0x000000000000007d       0x33 Core/Src/main.o
 .ARM.attributes
                0x00000000000000b0       0x33 Core/Src/stm32f1xx_hal_msp.o
 .ARM.attributes
                0x00000000000000e3       0x33 Core/Src/stm32f1xx_it.o
 .ARM.attributes
                0x0000000000000116       0x33 Core/Src/system_stm32f1xx.o
 .ARM.attributes
                0x0000000000000149       0x21 Core/Startup/startup_stm32f103c8tx.o
 .ARM.attributes
                0x000000000000016a       0x33 Drivers/STM32F1xx_HAL_Driver/Src/stm32f1xx_hal.o
 .ARM.attributes
                0x000000000000019d       0x33 Drivers/STM32F1xx_HAL_Driver/Src/stm32f1xx_hal_cortex.o
 .ARM.attributes
                0x00000000000001d0       0x33 Drivers/STM32F1xx_HAL_Driver/Src/stm32f1xx_hal_gpio.o
 .ARM.attributes
                0x0000000000000203       0x33 Drivers/STM32F1xx_HAL_Driver/Src/stm32f1xx_hal_rcc.o
 .ARM.attributes
                0x0000000000000236       0x33 Drivers/STM32F1xx_HAL_Driver/Src/stm32f1xx_hal_tim.o
 .ARM.attributes
                0x0000000000000269       0x33 Drivers/STM32F1xx_HAL_Driver/Src/stm32f1xx_hal_tim_ex.o
 .ARM.attributes
                0x000000000000029c       0x2d /Applications/STM32CubeIDE.app/Contents/Eclipse/plugins/com.st.stm32cube.ide.mcu.externaltools.gnu-tools-for-stm32.7-2018-q2-update.macos64_1.4.0.202007081208/tools/bin/../lib/gcc/arm-none-eabi/7.3.1/../../../../arm-none-eabi/lib/thumb/v7-m/libstdc++_nano.a(del_ops.o)
 .ARM.attributes
                0x00000000000002c9       0x2d /Applications/STM32CubeIDE.app/Contents/Eclipse/plugins/com.st.stm32cube.ide.mcu.externaltools.gnu-tools-for-stm32.7-2018-q2-update.macos64_1.4.0.202007081208/tools/bin/../lib/gcc/arm-none-eabi/7.3.1/../../../../arm-none-eabi/lib/thumb/v7-m/libstdc++_nano.a(del_op.o)
 .ARM.attributes
                0x00000000000002f6       0x2d /Applications/STM32CubeIDE.app/Contents/Eclipse/plugins/com.st.stm32cube.ide.mcu.externaltools.gnu-tools-for-stm32.7-2018-q2-update.macos64_1.4.0.202007081208/tools/bin/../lib/gcc/arm-none-eabi/7.3.1/../../../../arm-none-eabi/lib/thumb/v7-m/libc_nano.a(lib_a-impure.o)
 .ARM.attributes
                0x0000000000000323       0x2d /Applications/STM32CubeIDE.app/Contents/Eclipse/plugins/com.st.stm32cube.ide.mcu.externaltools.gnu-tools-for-stm32.7-2018-q2-update.macos64_1.4.0.202007081208/tools/bin/../lib/gcc/arm-none-eabi/7.3.1/../../../../arm-none-eabi/lib/thumb/v7-m/libc_nano.a(lib_a-init.o)
 .ARM.attributes
                0x0000000000000350       0x2d /Applications/STM32CubeIDE.app/Contents/Eclipse/plugins/com.st.stm32cube.ide.mcu.externaltools.gnu-tools-for-stm32.7-2018-q2-update.macos64_1.4.0.202007081208/tools/bin/../lib/gcc/arm-none-eabi/7.3.1/../../../../arm-none-eabi/lib/thumb/v7-m/libc_nano.a(lib_a-malloc.o)
 .ARM.attributes
                0x000000000000037d       0x2d /Applications/STM32CubeIDE.app/Contents/Eclipse/plugins/com.st.stm32cube.ide.mcu.externaltools.gnu-tools-for-stm32.7-2018-q2-update.macos64_1.4.0.202007081208/tools/bin/../lib/gcc/arm-none-eabi/7.3.1/../../../../arm-none-eabi/lib/thumb/v7-m/libc_nano.a(lib_a-memset.o)
 .ARM.attributes
                0x00000000000003aa       0x2d /Applications/STM32CubeIDE.app/Contents/Eclipse/plugins/com.st.stm32cube.ide.mcu.externaltools.gnu-tools-for-stm32.7-2018-q2-update.macos64_1.4.0.202007081208/tools/bin/../lib/gcc/arm-none-eabi/7.3.1/../../../../arm-none-eabi/lib/thumb/v7-m/libc_nano.a(lib_a-nano-freer.o)
 .ARM.attributes
                0x00000000000003d7       0x2d /Applications/STM32CubeIDE.app/Contents/Eclipse/plugins/com.st.stm32cube.ide.mcu.externaltools.gnu-tools-for-stm32.7-2018-q2-update.macos64_1.4.0.202007081208/tools/bin/../lib/gcc/arm-none-eabi/7.3.1/../../../../arm-none-eabi/lib/thumb/v7-m/libc_nano.a(lib_a-nano-mallocr.o)
 .ARM.attributes
                0x0000000000000404       0x2d /Applications/STM32CubeIDE.app/Contents/Eclipse/plugins/com.st.stm32cube.ide.mcu.externaltools.gnu-tools-for-stm32.7-2018-q2-update.macos64_1.4.0.202007081208/tools/bin/../lib/gcc/arm-none-eabi/7.3.1/../../../../arm-none-eabi/lib/thumb/v7-m/libc_nano.a(lib_a-mlock.o)
 .ARM.attributes
                0x0000000000000431       0x1d /Applications/STM32CubeIDE.app/Contents/Eclipse/plugins/com.st.stm32cube.ide.mcu.externaltools.gnu-tools-for-stm32.7-2018-q2-update.macos64_1.4.0.202007081208/tools/bin/../lib/gcc/arm-none-eabi/7.3.1/thumb/v7-m/crtn.o
OUTPUT(delay_micros.elf elf32-littlearm)

.debug_info     0x0000000000000000     0x8a9f
 .debug_info    0x0000000000000000     0x1298 Core/Src/Delay.o
 .debug_info    0x0000000000001298     0x1374 Core/Src/main.o
 .debug_info    0x000000000000260c      0x7b9 Core/Src/stm32f1xx_hal_msp.o
 .debug_info    0x0000000000002dc5      0x20a Core/Src/stm32f1xx_it.o
 .debug_info    0x0000000000002fcf      0x43e Core/Src/system_stm32f1xx.o
 .debug_info    0x000000000000340d       0x22 Core/Startup/startup_stm32f103c8tx.o
 .debug_info    0x000000000000342f      0x714 Drivers/STM32F1xx_HAL_Driver/Src/stm32f1xx_hal.o
 .debug_info    0x0000000000003b43      0xb51 Drivers/STM32F1xx_HAL_Driver/Src/stm32f1xx_hal_cortex.o
 .debug_info    0x0000000000004694      0x68c Drivers/STM32F1xx_HAL_Driver/Src/stm32f1xx_hal_gpio.o
 .debug_info    0x0000000000004d20      0x80f Drivers/STM32F1xx_HAL_Driver/Src/stm32f1xx_hal_rcc.o
 .debug_info    0x000000000000552f     0x2461 Drivers/STM32F1xx_HAL_Driver/Src/stm32f1xx_hal_tim.o
 .debug_info    0x0000000000007990     0x110f Drivers/STM32F1xx_HAL_Driver/Src/stm32f1xx_hal_tim_ex.o

.debug_abbrev   0x0000000000000000     0x1640
 .debug_abbrev  0x0000000000000000      0x33c Core/Src/Delay.o
 .debug_abbrev  0x000000000000033c      0x27d Core/Src/main.o
 .debug_abbrev  0x00000000000005b9      0x18e Core/Src/stm32f1xx_hal_msp.o
 .debug_abbrev  0x0000000000000747       0xc6 Core/Src/stm32f1xx_it.o
 .debug_abbrev  0x000000000000080d      0x134 Core/Src/system_stm32f1xx.o
 .debug_abbrev  0x0000000000000941       0x12 Core/Startup/startup_stm32f103c8tx.o
 .debug_abbrev  0x0000000000000953      0x1c7 Drivers/STM32F1xx_HAL_Driver/Src/stm32f1xx_hal.o
 .debug_abbrev  0x0000000000000b1a      0x2d5 Drivers/STM32F1xx_HAL_Driver/Src/stm32f1xx_hal_cortex.o
 .debug_abbrev  0x0000000000000def      0x1c0 Drivers/STM32F1xx_HAL_Driver/Src/stm32f1xx_hal_gpio.o
 .debug_abbrev  0x0000000000000faf      0x243 Drivers/STM32F1xx_HAL_Driver/Src/stm32f1xx_hal_rcc.o
 .debug_abbrev  0x00000000000011f2      0x230 Drivers/STM32F1xx_HAL_Driver/Src/stm32f1xx_hal_tim.o
 .debug_abbrev  0x0000000000001422      0x21e Drivers/STM32F1xx_HAL_Driver/Src/stm32f1xx_hal_tim_ex.o

.debug_aranges  0x0000000000000000      0x948
 .debug_aranges
                0x0000000000000000       0x50 Core/Src/Delay.o
 .debug_aranges
                0x0000000000000050       0x58 Core/Src/main.o
 .debug_aranges
                0x00000000000000a8       0x30 Core/Src/stm32f1xx_hal_msp.o
 .debug_aranges
                0x00000000000000d8       0x60 Core/Src/stm32f1xx_it.o
 .debug_aranges
                0x0000000000000138       0x28 Core/Src/system_stm32f1xx.o
 .debug_aranges
                0x0000000000000160       0x28 Core/Startup/startup_stm32f103c8tx.o
 .debug_aranges
                0x0000000000000188       0xe0 Drivers/STM32F1xx_HAL_Driver/Src/stm32f1xx_hal.o
 .debug_aranges
                0x0000000000000268      0x100 Drivers/STM32F1xx_HAL_Driver/Src/stm32f1xx_hal_cortex.o
 .debug_aranges
                0x0000000000000368       0x58 Drivers/STM32F1xx_HAL_Driver/Src/stm32f1xx_hal_gpio.o
 .debug_aranges
                0x00000000000003c0       0x90 Drivers/STM32F1xx_HAL_Driver/Src/stm32f1xx_hal_rcc.o
 .debug_aranges
                0x0000000000000450      0x3a8 Drivers/STM32F1xx_HAL_Driver/Src/stm32f1xx_hal_tim.o
 .debug_aranges
                0x00000000000007f8      0x150 Drivers/STM32F1xx_HAL_Driver/Src/stm32f1xx_hal_tim_ex.o

.debug_ranges   0x0000000000000000      0x890
 .debug_ranges  0x0000000000000000       0x40 Core/Src/Delay.o
 .debug_ranges  0x0000000000000040       0x48 Core/Src/main.o
 .debug_ranges  0x0000000000000088       0x20 Core/Src/stm32f1xx_hal_msp.o
 .debug_ranges  0x00000000000000a8       0x50 Core/Src/stm32f1xx_it.o
 .debug_ranges  0x00000000000000f8       0x18 Core/Src/system_stm32f1xx.o
 .debug_ranges  0x0000000000000110       0x20 Core/Startup/startup_stm32f103c8tx.o
 .debug_ranges  0x0000000000000130       0xd0 Drivers/STM32F1xx_HAL_Driver/Src/stm32f1xx_hal.o
 .debug_ranges  0x0000000000000200       0xf0 Drivers/STM32F1xx_HAL_Driver/Src/stm32f1xx_hal_cortex.o
 .debug_ranges  0x00000000000002f0       0x48 Drivers/STM32F1xx_HAL_Driver/Src/stm32f1xx_hal_gpio.o
 .debug_ranges  0x0000000000000338       0x80 Drivers/STM32F1xx_HAL_Driver/Src/stm32f1xx_hal_rcc.o
 .debug_ranges  0x00000000000003b8      0x398 Drivers/STM32F1xx_HAL_Driver/Src/stm32f1xx_hal_tim.o
 .debug_ranges  0x0000000000000750      0x140 Drivers/STM32F1xx_HAL_Driver/Src/stm32f1xx_hal_tim_ex.o

.debug_macro    0x0000000000000000    0x158c3
 .debug_macro   0x0000000000000000      0x2f5 Core/Src/Delay.o
 .debug_macro   0x00000000000002f5      0xb2c Core/Src/Delay.o
 .debug_macro   0x0000000000000e21      0x215 Core/Src/Delay.o
 .debug_macro   0x0000000000001036       0x2e Core/Src/Delay.o
 .debug_macro   0x0000000000001064       0x22 Core/Src/Delay.o
 .debug_macro   0x0000000000001086       0x1c Core/Src/Delay.o
 .debug_macro   0x00000000000010a2       0x22 Core/Src/Delay.o
 .debug_macro   0x00000000000010c4       0x8e Core/Src/Delay.o
 .debug_macro   0x0000000000001152       0x51 Core/Src/Delay.o
 .debug_macro   0x00000000000011a3       0xef Core/Src/Delay.o
 .debug_macro   0x0000000000001292       0x6a Core/Src/Delay.o
 .debug_macro   0x00000000000012fc      0x1df Core/Src/Delay.o
 .debug_macro   0x00000000000014db       0x1c Core/Src/Delay.o
 .debug_macro   0x00000000000014f7       0x22 Core/Src/Delay.o
 .debug_macro   0x0000000000001519       0xc3 Core/Src/Delay.o
 .debug_macro   0x00000000000015dc      0xd23 Core/Src/Delay.o
 .debug_macro   0x00000000000022ff     0xe09e Core/Src/Delay.o
 .debug_macro   0x000000000001039d       0x43 Core/Src/Delay.o
 .debug_macro   0x00000000000103e0      0x17b Core/Src/Delay.o
 .debug_macro   0x000000000001055b       0x5a Core/Src/Delay.o
 .debug_macro   0x00000000000105b5      0x5be Core/Src/Delay.o
 .debug_macro   0x0000000000010b73      0x289 Core/Src/Delay.o
 .debug_macro   0x0000000000010dfc      0x1cb Core/Src/Delay.o
 .debug_macro   0x0000000000010fc7      0x114 Core/Src/Delay.o
 .debug_macro   0x00000000000110db      0x1b2 Core/Src/Delay.o
 .debug_macro   0x000000000001128d       0x27 Core/Src/Delay.o
 .debug_macro   0x00000000000112b4      0x136 Core/Src/Delay.o
 .debug_macro   0x00000000000113ea      0x1bc Core/Src/Delay.o
 .debug_macro   0x00000000000115a6       0x34 Core/Src/Delay.o
 .debug_macro   0x00000000000115da       0x3c Core/Src/Delay.o
 .debug_macro   0x0000000000011616       0x57 Core/Src/Delay.o
 .debug_macro   0x000000000001166d       0x88 Core/Src/Delay.o
 .debug_macro   0x00000000000116f5      0x241 Core/Src/Delay.o
 .debug_macro   0x0000000000011936      0x141 Core/Src/Delay.o
 .debug_macro   0x0000000000011a77      0x88b Core/Src/Delay.o
 .debug_macro   0x0000000000012302       0x83 Core/Src/Delay.o
 .debug_macro   0x0000000000012385       0x46 Core/Src/Delay.o
 .debug_macro   0x00000000000123cb       0x18 Core/Src/Delay.o
 .debug_macro   0x00000000000123e3       0x3c Core/Src/Delay.o
 .debug_macro   0x000000000001241f       0x34 Core/Src/Delay.o
 .debug_macro   0x0000000000012453       0x16 Core/Src/Delay.o
 .debug_macro   0x0000000000012469       0x35 Core/Src/Delay.o
 .debug_macro   0x000000000001249e      0x34d Core/Src/Delay.o
 .debug_macro   0x00000000000127eb       0x10 Core/Src/Delay.o
 .debug_macro   0x00000000000127fb       0x52 Core/Src/Delay.o
 .debug_macro   0x000000000001284d       0x1f Core/Src/Delay.o
 .debug_macro   0x000000000001286c       0x43 Core/Src/Delay.o
 .debug_macro   0x00000000000128af       0x20 Core/Src/Delay.o
 .debug_macro   0x00000000000128cf      0x1a3 Core/Src/Delay.o
 .debug_macro   0x0000000000012a72       0x10 Core/Src/Delay.o
 .debug_macro   0x0000000000012a82       0x1c Core/Src/Delay.o
 .debug_macro   0x0000000000012a9e       0x52 Core/Src/Delay.o
 .debug_macro   0x0000000000012af0       0x40 Core/Src/Delay.o
 .debug_macro   0x0000000000012b30       0x10 Core/Src/Delay.o
 .debug_macro   0x0000000000012b40       0x40 Core/Src/Delay.o
 .debug_macro   0x0000000000012b80       0xd7 Core/Src/Delay.o
 .debug_macro   0x0000000000012c57       0x1c Core/Src/Delay.o
 .debug_macro   0x0000000000012c73       0x3d Core/Src/Delay.o
 .debug_macro   0x0000000000012cb0       0x16 Core/Src/Delay.o
 .debug_macro   0x0000000000012cc6      0x137 Core/Src/Delay.o
 .debug_macro   0x0000000000012dfd      0x2ff Core/Src/main.o
 .debug_macro   0x00000000000130fc      0x19a Core/Src/stm32f1xx_hal_msp.o
 .debug_macro   0x0000000000013296      0xa5a Core/Src/stm32f1xx_hal_msp.o
 .debug_macro   0x0000000000013cf0      0xd23 Core/Src/stm32f1xx_hal_msp.o
 .debug_macro   0x0000000000014a13      0x174 Core/Src/stm32f1xx_hal_msp.o
 .debug_macro   0x0000000000014b87      0x1a4 Core/Src/stm32f1xx_it.o
 .debug_macro   0x0000000000014d2b      0x196 Core/Src/system_stm32f1xx.o
 .debug_macro   0x0000000000014ec1      0x1b4 Drivers/STM32F1xx_HAL_Driver/Src/stm32f1xx_hal.o
 .debug_macro   0x0000000000015075      0x190 Drivers/STM32F1xx_HAL_Driver/Src/stm32f1xx_hal_cortex.o
 .debug_macro   0x0000000000015205      0x1fb Drivers/STM32F1xx_HAL_Driver/Src/stm32f1xx_hal_gpio.o
 .debug_macro   0x0000000000015400      0x1a2 Drivers/STM32F1xx_HAL_Driver/Src/stm32f1xx_hal_rcc.o
 .debug_macro   0x00000000000155a2      0x191 Drivers/STM32F1xx_HAL_Driver/Src/stm32f1xx_hal_tim.o
 .debug_macro   0x0000000000015733      0x190 Drivers/STM32F1xx_HAL_Driver/Src/stm32f1xx_hal_tim_ex.o

.debug_line     0x0000000000000000     0x6b75
 .debug_line    0x0000000000000000      0x8ad Core/Src/Delay.o
 .debug_line    0x00000000000008ad      0x8fe Core/Src/main.o
 .debug_line    0x00000000000011ab      0x675 Core/Src/stm32f1xx_hal_msp.o
 .debug_line    0x0000000000001820      0x6f2 Core/Src/stm32f1xx_it.o
 .debug_line    0x0000000000001f12      0x67f Core/Src/system_stm32f1xx.o
 .debug_line    0x0000000000002591       0x84 Core/Startup/startup_stm32f103c8tx.o
 .debug_line    0x0000000000002615      0x829 Drivers/STM32F1xx_HAL_Driver/Src/stm32f1xx_hal.o
 .debug_line    0x0000000000002e3e      0x900 Drivers/STM32F1xx_HAL_Driver/Src/stm32f1xx_hal_cortex.o
 .debug_line    0x000000000000373e      0x827 Drivers/STM32F1xx_HAL_Driver/Src/stm32f1xx_hal_gpio.o
 .debug_line    0x0000000000003f65      0x8e9 Drivers/STM32F1xx_HAL_Driver/Src/stm32f1xx_hal_rcc.o
 .debug_line    0x000000000000484e     0x16ed Drivers/STM32F1xx_HAL_Driver/Src/stm32f1xx_hal_tim.o
 .debug_line    0x0000000000005f3b      0xc3a Drivers/STM32F1xx_HAL_Driver/Src/stm32f1xx_hal_tim_ex.o

.debug_str      0x0000000000000000    0x6fcd5
 .debug_str     0x0000000000000000    0x6d4ef Core/Src/Delay.o
                                      0x6d971 (size before relaxing)
 .debug_str     0x000000000006d4ef      0x2ec Core/Src/main.o
                                      0x6dbb0 (size before relaxing)
 .debug_str     0x000000000006d7db      0x24a Core/Src/stm32f1xx_hal_msp.o
                                      0x6914f (size before relaxing)
 .debug_str     0x000000000006da25       0xbd Core/Src/stm32f1xx_it.o
                                      0x68d84 (size before relaxing)
 .debug_str     0x000000000006dae2       0xc2 Core/Src/system_stm32f1xx.o
                                      0x68dce (size before relaxing)
 .debug_str     0x000000000006dba4       0x36 Core/Startup/startup_stm32f103c8tx.o
                                         0x78 (size before relaxing)
 .debug_str     0x000000000006dbda      0x61d Drivers/STM32F1xx_HAL_Driver/Src/stm32f1xx_hal.o
                                      0x693e5 (size before relaxing)
 .debug_str     0x000000000006e1f7      0x2bf Drivers/STM32F1xx_HAL_Driver/Src/stm32f1xx_hal_cortex.o
                                      0x693ed (size before relaxing)
 .debug_str     0x000000000006e4b6      0x316 Drivers/STM32F1xx_HAL_Driver/Src/stm32f1xx_hal_gpio.o
                                      0x69118 (size before relaxing)
 .debug_str     0x000000000006e7cc      0x258 Drivers/STM32F1xx_HAL_Driver/Src/stm32f1xx_hal_rcc.o
                                      0x69151 (size before relaxing)
 .debug_str     0x000000000006ea24      0xd82 Drivers/STM32F1xx_HAL_Driver/Src/stm32f1xx_hal_tim.o
                                      0x69f1c (size before relaxing)
 .debug_str     0x000000000006f7a6      0x52f Drivers/STM32F1xx_HAL_Driver/Src/stm32f1xx_hal_tim_ex.o
                                      0x6971c (size before relaxing)

.comment        0x0000000000000000       0x7b
 .comment       0x0000000000000000       0x7b Core/Src/Delay.o
                                         0x7c (size before relaxing)
 .comment       0x000000000000007b       0x7c Core/Src/main.o
 .comment       0x000000000000007b       0x7c Core/Src/stm32f1xx_hal_msp.o
 .comment       0x000000000000007b       0x7c Core/Src/stm32f1xx_it.o
 .comment       0x000000000000007b       0x7c Core/Src/system_stm32f1xx.o
 .comment       0x000000000000007b       0x7c Drivers/STM32F1xx_HAL_Driver/Src/stm32f1xx_hal.o
 .comment       0x000000000000007b       0x7c Drivers/STM32F1xx_HAL_Driver/Src/stm32f1xx_hal_cortex.o
 .comment       0x000000000000007b       0x7c Drivers/STM32F1xx_HAL_Driver/Src/stm32f1xx_hal_gpio.o
 .comment       0x000000000000007b       0x7c Drivers/STM32F1xx_HAL_Driver/Src/stm32f1xx_hal_rcc.o
 .comment       0x000000000000007b       0x7c Drivers/STM32F1xx_HAL_Driver/Src/stm32f1xx_hal_tim.o
 .comment       0x000000000000007b       0x7c Drivers/STM32F1xx_HAL_Driver/Src/stm32f1xx_hal_tim_ex.o

.debug_frame    0x0000000000000000     0x26d8
 .debug_frame   0x0000000000000000      0x11c Core/Src/Delay.o
 .debug_frame   0x000000000000011c      0x114 Core/Src/main.o
 .debug_frame   0x0000000000000230       0x88 Core/Src/stm32f1xx_hal_msp.o
 .debug_frame   0x00000000000002b8      0x10c Core/Src/stm32f1xx_it.o
 .debug_frame   0x00000000000003c4       0x58 Core/Src/system_stm32f1xx.o
 .debug_frame   0x000000000000041c      0x334 Drivers/STM32F1xx_HAL_Driver/Src/stm32f1xx_hal.o
 .debug_frame   0x0000000000000750      0x428 Drivers/STM32F1xx_HAL_Driver/Src/stm32f1xx_hal_cortex.o
 .debug_frame   0x0000000000000b78      0x14c Drivers/STM32F1xx_HAL_Driver/Src/stm32f1xx_hal_gpio.o
 .debug_frame   0x0000000000000cc4      0x21c Drivers/STM32F1xx_HAL_Driver/Src/stm32f1xx_hal_rcc.o
 .debug_frame   0x0000000000000ee0     0x10e8 Drivers/STM32F1xx_HAL_Driver/Src/stm32f1xx_hal_tim.o
 .debug_frame   0x0000000000001fc8      0x5c0 Drivers/STM32F1xx_HAL_Driver/Src/stm32f1xx_hal_tim_ex.o
 .debug_frame   0x0000000000002588       0x20 /Applications/STM32CubeIDE.app/Contents/Eclipse/plugins/com.st.stm32cube.ide.mcu.externaltools.gnu-tools-for-stm32.7-2018-q2-update.macos64_1.4.0.202007081208/tools/bin/../lib/gcc/arm-none-eabi/7.3.1/../../../../arm-none-eabi/lib/thumb/v7-m/libstdc++_nano.a(del_ops.o)
 .debug_frame   0x00000000000025a8       0x20 /Applications/STM32CubeIDE.app/Contents/Eclipse/plugins/com.st.stm32cube.ide.mcu.externaltools.gnu-tools-for-stm32.7-2018-q2-update.macos64_1.4.0.202007081208/tools/bin/../lib/gcc/arm-none-eabi/7.3.1/../../../../arm-none-eabi/lib/thumb/v7-m/libstdc++_nano.a(del_op.o)
 .debug_frame   0x00000000000025c8       0x2c /Applications/STM32CubeIDE.app/Contents/Eclipse/plugins/com.st.stm32cube.ide.mcu.externaltools.gnu-tools-for-stm32.7-2018-q2-update.macos64_1.4.0.202007081208/tools/bin/../lib/gcc/arm-none-eabi/7.3.1/../../../../arm-none-eabi/lib/thumb/v7-m/libc_nano.a(lib_a-init.o)
 .debug_frame   0x00000000000025f4       0x30 /Applications/STM32CubeIDE.app/Contents/Eclipse/plugins/com.st.stm32cube.ide.mcu.externaltools.gnu-tools-for-stm32.7-2018-q2-update.macos64_1.4.0.202007081208/tools/bin/../lib/gcc/arm-none-eabi/7.3.1/../../../../arm-none-eabi/lib/thumb/v7-m/libc_nano.a(lib_a-malloc.o)
 .debug_frame   0x0000000000002624       0x20 /Applications/STM32CubeIDE.app/Contents/Eclipse/plugins/com.st.stm32cube.ide.mcu.externaltools.gnu-tools-for-stm32.7-2018-q2-update.macos64_1.4.0.202007081208/tools/bin/../lib/gcc/arm-none-eabi/7.3.1/../../../../arm-none-eabi/lib/thumb/v7-m/libc_nano.a(lib_a-memset.o)
 .debug_frame   0x0000000000002644       0x38 /Applications/STM32CubeIDE.app/Contents/Eclipse/plugins/com.st.stm32cube.ide.mcu.externaltools.gnu-tools-for-stm32.7-2018-q2-update.macos64_1.4.0.202007081208/tools/bin/../lib/gcc/arm-none-eabi/7.3.1/../../../../arm-none-eabi/lib/thumb/v7-m/libc_nano.a(lib_a-nano-freer.o)
 .debug_frame   0x000000000000267c       0x2c /Applications/STM32CubeIDE.app/Contents/Eclipse/plugins/com.st.stm32cube.ide.mcu.externaltools.gnu-tools-for-stm32.7-2018-q2-update.macos64_1.4.0.202007081208/tools/bin/../lib/gcc/arm-none-eabi/7.3.1/../../../../arm-none-eabi/lib/thumb/v7-m/libc_nano.a(lib_a-nano-mallocr.o)
 .debug_frame   0x00000000000026a8       0x30 /Applications/STM32CubeIDE.app/Contents/Eclipse/plugins/com.st.stm32cube.ide.mcu.externaltools.gnu-tools-for-stm32.7-2018-q2-update.macos64_1.4.0.202007081208/tools/bin/../lib/gcc/arm-none-eabi/7.3.1/../../../../arm-none-eabi/lib/thumb/v7-m/libc_nano.a(lib_a-mlock.o)
